INFO: [VRFC 10-2263] Analyzing Verilog file "C:/Users/AISEQ/Desktop/HT/RV/RV.srcs/sources_1/new/ALU.v" into library xil_defaultlib
INFO: [VRFC 10-311] analyzing module ALU
INFO: [VRFC 10-2263] Analyzing Verilog file "C:/Users/AISEQ/Desktop/HT/RV/RV.srcs/sources_1/new/ALUControl.v" into library xil_defaultlib
INFO: [VRFC 10-311] analyzing module ALUControl
INFO: [VRFC 10-2263] Analyzing Verilog file "C:/Users/AISEQ/Desktop/HT/RV/RV.srcs/sources_1/new/ALU_IP.v" into library xil_defaultlib
INFO: [VRFC 10-311] analyzing module ALU_IP
INFO: [VRFC 10-2263] Analyzing Verilog file "C:/Users/AISEQ/Desktop/HT/RV/RV.srcs/sources_1/new/BranchDecisionUnit.v" into library xil_defaultlib
INFO: [VRFC 10-311] analyzing module BranchDecisionUnit
INFO: [VRFC 10-2263] Analyzing Verilog file "C:/Users/AISEQ/Desktop/HT/RV/RV.srcs/sources_1/new/BusInterconnect.v" into library xil_defaultlib
INFO: [VRFC 10-311] analyzing module BusInterconnect
INFO: [VRFC 10-2263] Analyzing Verilog file "C:/Users/AISEQ/Desktop/HT/RV/RV.srcs/sources_1/new/ControlUnit.v" into library xil_defaultlib
INFO: [VRFC 10-311] analyzing module ControlUnit
INFO: [VRFC 10-2263] Analyzing Verilog file "C:/Users/AISEQ/Desktop/HT/RV/RV.srcs/sources_1/new/DataMemory.v" into library xil_defaultlib
INFO: [VRFC 10-311] analyzing module DataMemory
INFO: [VRFC 10-2263] Analyzing Verilog file "C:/Users/AISEQ/Desktop/HT/RV/RV.srcs/sources_1/new/Execute.v" into library xil_defaultlib
INFO: [VRFC 10-311] analyzing module Execute
INFO: [VRFC 10-2263] Analyzing Verilog file "C:/Users/AISEQ/Desktop/HT/RV/RV.srcs/sources_1/new/ForwardingUnit.v" into library xil_defaultlib
INFO: [VRFC 10-311] analyzing module ForwardingUnit
INFO: [VRFC 10-2263] Analyzing Verilog file "C:/Users/AISEQ/Desktop/HT/RV/RV.srcs/sources_1/new/HazardDetectionUnit.v" into library xil_defaultlib
INFO: [VRFC 10-311] analyzing module HazardDetectionUnit
INFO: [VRFC 10-2263] Analyzing Verilog file "C:/Users/AISEQ/Desktop/HT/RV/RV.srcs/sources_1/new/ImmediateGenerator.v" into library xil_defaultlib
INFO: [VRFC 10-311] analyzing module ImmediateGenerator
INFO: [VRFC 10-2263] Analyzing Verilog file "C:/Users/AISEQ/Desktop/HT/RV/RV.srcs/sources_1/new/InstructionDecode.v" into library xil_defaultlib
INFO: [VRFC 10-311] analyzing module InstructionDecode
INFO: [VRFC 10-2263] Analyzing Verilog file "C:/Users/AISEQ/Desktop/HT/RV/RV.srcs/sources_1/new/InstructionFetch.v" into library xil_defaultlib
INFO: [VRFC 10-311] analyzing module InstructionFetch
INFO: [VRFC 10-2263] Analyzing Verilog file "C:/Users/AISEQ/Desktop/HT/RV/RV.srcs/sources_1/new/InstructionMemory.v" into library xil_defaultlib
INFO: [VRFC 10-311] analyzing module InstructionMemory
INFO: [VRFC 10-2263] Analyzing Verilog file "C:/Users/AISEQ/Desktop/HT/RV/RV.srcs/sources_1/new/MainDatapath.v" into library xil_defaultlib
INFO: [VRFC 10-311] analyzing module MainDatapath
INFO: [VRFC 10-2263] Analyzing Verilog file "C:/Users/AISEQ/Desktop/HT/RV/RV.srcs/sources_1/new/Memory.v" into library xil_defaultlib
INFO: [VRFC 10-311] analyzing module Memory
INFO: [VRFC 10-2263] Analyzing Verilog file "C:/Users/AISEQ/Desktop/HT/RV/RV.srcs/sources_1/new/ProgramCounter.v" into library xil_defaultlib
INFO: [VRFC 10-311] analyzing module ProgramCounter
INFO: [VRFC 10-2263] Analyzing Verilog file "C:/Users/AISEQ/Desktop/HT/RV/RV.srcs/sources_1/new/RV_IP.v" into library xil_defaultlib
INFO: [VRFC 10-311] analyzing module RV_IP
INFO: [VRFC 10-2263] Analyzing Verilog file "C:/Users/AISEQ/Desktop/HT/RV/RV.srcs/sources_1/new/RegisterFile.v" into library xil_defaultlib
INFO: [VRFC 10-311] analyzing module RegisterFile
INFO: [VRFC 10-2263] Analyzing Verilog file "C:/Users/AISEQ/Desktop/HT/RV/RV.srcs/sources_1/new/WriteBack.v" into library xil_defaultlib
INFO: [VRFC 10-311] analyzing module WriteBack
INFO: [VRFC 10-2263] Analyzing Verilog file "C:/Users/AISEQ/Desktop/HT/RV/RV.srcs/sim_1/new/RV_IP_TB.v" into library xil_defaultlib
INFO: [VRFC 10-311] analyzing module RV_IP_TB
INFO: [VRFC 10-2263] Analyzing Verilog file "C:/Users/AISEQ/Desktop/HT/RV/RV.sim/sim_1/behav/xsim/glbl.v" into library xil_defaultlib
INFO: [VRFC 10-311] analyzing module glbl
