Vivado Simulator v2022.2
Copyright 1986-1999, 2001-2022 Xilinx, Inc. All Rights Reserved.
Running: C:/Xilinx/Vivado/2022.2/bin/unwrapped/win64.o/xelab.exe --incr --debug typical --relax --mt 2 -L xil_defaultlib -L unisims_ver -L unimacro_ver -L secureip --snapshot RV_IP_TB_behav xil_defaultlib.RV_IP_TB xil_defaultlib.glbl -log elaborate.log 
Using 2 slave threads.
Starting static elaboration
Pass Through NonSizing Optimizer
Completed static elaboration
Starting simulation data flow analysis
Completed simulation data flow analysis
Time Resolution for simulation is 1ps
Compiling module xil_defaultlib.ProgramCounter
Compiling module xil_defaultlib.InstructionMemory
Compiling module xil_defaultlib.InstructionFetch
Compiling module xil_defaultlib.ControlUnit
Compiling module xil_defaultlib.BranchDecisionUnit
Compiling module xil_defaultlib.RegisterFile
Compiling module xil_defaultlib.ImmediateGenerator
Compiling module xil_defaultlib.HazardDetectionUnit
Compiling module xil_defaultlib.InstructionDecode
Compiling module xil_defaultlib.ALUControl
Compiling module xil_defaultlib.ALU
Compiling module xil_defaultlib.ForwardingUnit
Compiling module xil_defaultlib.Execute
Compiling module xil_defaultlib.Memory
Compiling module xil_defaultlib.WriteBack
Compiling module xil_defaultlib.MainDatapath
Compiling module xil_defaultlib.BusInterconnect
Compiling module xil_defaultlib.DataMemory
Compiling module xil_defaultlib.ALU_IP
Compiling module xil_defaultlib.RV_IP
Compiling module xil_defaultlib.RV_IP_TB
Compiling module xil_defaultlib.glbl
Built simulation snapshot RV_IP_TB_behav
