Time resolution is 1 ps
======================================================
          RV_IP TESTBENCH
======================================================
Chuong trinh RISC-V:
  ADD 25 + 10 -> ket qua luu vao x6
  SUB 25 - 10 -> ket qua luu vao x7
  Giao tiep voi ALU_IP qua MMIO 0x08000000
======================================================

[TB] Bat dau nap chuong trinh vao IMEM...
[TB] IMEM[0x0000] = 0x080000b7
[TB] IMEM[0x0004] = 0x01900113
[TB] IMEM[0x0008] = 0x0020a023
[TB] IMEM[0x000c] = 0x00a00193
[TB] IMEM[0x0010] = 0x0030a223
[TB] IMEM[0x0014] = 0x00000213
[TB] IMEM[0x0018] = 0x0040a423
[TB] IMEM[0x001c] = 0x0100a283
[TB] IMEM[0x0020] = 0xfe028fe3
[TB] IMEM[0x0024] = 0x00c0a303
[TB] IMEM[0x0028] = 0x00100213
[TB] IMEM[0x002c] = 0x0040a423
[TB] IMEM[0x0030] = 0x0100a283
[TB] IMEM[0x0034] = 0xfe028fe3
[TB] IMEM[0x0038] = 0x00c0a383
[TB] IMEM[0x003c] = 0x00000063
[TB] Nap chuong trinh hoan tat!

[TB] Release reset, processor bat dau chay...

---------------------------------------
[IP] ALU_IP tinh toan xong!
[IP] operand_a = 25
[IP] operand_b = 10
[IP] opcode    = 0 (ADD)
[IP] result    = 35
---------------------------------------

======================================================
          KET QUA CUOI CUNG
======================================================
Register File:
  x1 = 0x08000000 (base addr ALU_IP)
  x2 = 0x00000019 (operand_a = 25)
  x3 = 0x0000000a (operand_b = 10)
  x6 = 0x00000023 (ket qua ADD = 35)
  x7 = 0x0000000f (ket qua SUB = 15)

ALU_IP state:
  operand_a = 25
  operand_b = 10
  result    = 15
  done      = 1
======================================================

KIEM TRA:
  ADD 25 + 10 = 35  --> PASS
  SUB 25 - 10 = 15  --> PASS

  TONG HOP: PASS - Ca 2 phep tinh deu dung!
======================================================
$finish called at time : 635500 ps : File "C:/Users/AISEQ/Desktop/HT/RV/RV.srcs/sim_1/new/RV_IP_TB.v" Line 230
